=== Step 1: genome size + GC ===
CP042877.1 Bacillus phage GaW-2019a, complete sequence	7379	48.54
KC847113.1 Bacillus phage PBP180, complete sequence	28205	40.80
MH458951.1 Bacillus phage vB_BthS_BMBphi, complete genome	49277	39.71
MK084630.1 Bacillus phage StevenHerd11, complete genome	23953	30.63
MK085976.1 Bacillus phage AP631, complete genome	39549	35.01
MK215646.1 Bacillus phage vB_BthM-Goe5, complete genome	157804	37.95
MK288021.1 Bacillus phage pW2, complete genome	160627	32.54
MK288022.1 Bacillus phage pW4, complete genome	80919	34.02
MK843319.1 Bacillus phage vB_BthS-TP21T, complete genome	51949	35.50
MN013088.1 Bacillus phage vB_BspS_SplendidRed, complete genome	42859	44.58
231 evidence/genome_length_gc.tsv
=== Step 2: protein prediction (prodigal-single) ===
/home/stevens/miniforge3/envs/bvbrc76/bin/prodigal
/home/stevens/miniforge3/envs/bvbrc76/bin/prodigal
Total predicted proteins: 35069
=== Step 3: MMseqs2 clustering ===
Time for merging to protDB: 0h 0m 0s 6ms
Database type: Aminoacid
Time for processing: 0h 0m 0s 72ms
[=================================================================] 6.88K 0s 8ms
Write merged clustering
[=================================================================] 35.07K 0s 72ms
Time for merging to clusterRes: 0h 0m 0s 4ms
Time for processing: 0h 0m 0s 85ms
createtsv protDB protDB clusterRes clusterRes.tsv 

MMseqs Version:                 	13.45111
First sequence as representative	false
Target column                   	1
Add full header                 	false
Sequence source                 	0
Database output                 	false
Threads                         	255
Compressed                      	0
Verbosity                       	3

Time for merging to clusterRes.tsv: 0h 0m 0s 8ms
Time for processing: 0h 0m 0s 163ms
N protein clusters (30% id): 6875
=== Step 4: MASH sketch/distance for genome-level similarity ===
/home/stevens/miniforge3/envs/bvbrc76/bin/mash
[INFO][0m write 1 sequences to file: genomes_ind/all_236.part_NC_049960.1.fa
[INFO][0m write 1 sequences to file: genomes_ind/all_236.part_NC_020479.1.fa
[INFO][0m write 1 sequences to file: genomes_ind/all_236.part_NC_055917.1.fa
all_236.part_CP027117.1.fa
all_236.part_CP042877.1.fa
all_236.part_CP052843.1.fa
all_236.part_DQ289555.1.fa
all_236.part_DQ840344.2.fa
Sketching genomes_ind/all_236.part_OM112210.1.fa...
Sketching genomes_ind/all_236.part_OM249958.1.fa...
Writing to mash/all_236.msh...
53361 evidence/mash_dist_all.tsv
=== Step 5: 20-phage phylogeny ===
KY963371.1
DQ222851
NC_007814
MG967616
JN797796
NC_048628
NC_047735
NC_028983
NC_020478
NC_020479
KC330681
NC_041858
MN176219
NC_022771
NC_049976
NC_020883
NC_031121
NC_024207
NC_022763
NC_048725
7
Missing from 236:  DQ222851 NC_007814 JN797796 NC_048628 NC_047735 NC_028983 KC330681 NC_041858 NC_022771 NC_049976 NC_020883 NC_024207 NC_022763
curl: (6) Could not resolve host: eutils.ncbi.nlm.nih.gov
 ERROR:  curl command failed ( Sun Jul  5 16:28:52 CDT 2026 ) with: 6
-X POST https://eutils.ncbi.nlm.nih.gov/entrez/eutils/efetch.fcgi -d db=nuccore&id=DQ222851%2CJN797796%2CKC330681%2CNC_007814%2CNC_020883%2CNC_022763%2CNC_022771%2CNC_024207%2CNC_028983%2CNC_041858%2CNC_047735%2CNC_048628%2CNC_049976&rettype=fasta&retmode=text&tool=edirect&edirect=22.4&edirect_os=Linux&email=stevens%40uicgpu01
 WARNING:  FAILURE ( Sun Jul  5 16:28:52 CDT 2026 )
nquire -url https://eutils.ncbi.nlm.nih.gov/entrez/eutils/ efetch.fcgi -db nuccore -id DQ222851,JN797796,KC330681,NC_007814,NC_020883,NC_022763,NC_022771,NC_024207,NC_028983,NC_041858,NC_047735,NC_048628,NC_049976 -rettype fasta -retmode text -tool edirect -edirect 22.4 -edirect_os Linux -email stevens@uicgpu01
EMPTY RESULT
SECOND ATTEMPT
curl: (6) Could not resolve host: eutils.ncbi.nlm.nih.gov
 ERROR:  curl command failed ( Sun Jul  5 16:28:54 CDT 2026 ) with: 6
-X POST https://eutils.ncbi.nlm.nih.gov/entrez/eutils/efetch.fcgi -d db=nuccore&id=DQ222851%2CJN797796%2CKC330681%2CNC_007814%2CNC_020883%2CNC_022763%2CNC_022771%2CNC_024207%2CNC_028983%2CNC_041858%2CNC_047735%2CNC_048628%2CNC_049976&rettype=fasta&retmode=text&tool=edirect&edirect=22.4&edirect_os=Linux&email=stevens%40uicgpu01
 WARNING:  FAILURE ( Sun Jul  5 16:28:54 CDT 2026 )
nquire -url https://eutils.ncbi.nlm.nih.gov/entrez/eutils/ efetch.fcgi -db nuccore -id DQ222851,JN797796,KC330681,NC_007814,NC_020883,NC_022763,NC_022771,NC_024207,NC_028983,NC_041858,NC_047735,NC_048628,NC_049976 -rettype fasta -retmode text -tool edirect -edirect 22.4 -edirect_os Linux -email stevens@uicgpu01
EMPTY RESULT
LAST ATTEMPT
curl: (6) Could not resolve host: eutils.ncbi.nlm.nih.gov
 ERROR:  curl command failed ( Sun Jul  5 16:28:56 CDT 2026 ) with: 6
-X POST https://eutils.ncbi.nlm.nih.gov/entrez/eutils/efetch.fcgi -d db=nuccore&id=DQ222851%2CJN797796%2CKC330681%2CNC_007814%2CNC_020883%2CNC_022763%2CNC_022771%2CNC_024207%2CNC_028983%2CNC_041858%2CNC_047735%2CNC_048628%2CNC_049976&rettype=fasta&retmode=text&tool=edirect&edirect=22.4&edirect_os=Linux&email=stevens%40uicgpu01
 ERROR:  FAILURE ( Sun Jul  5 16:28:55 CDT 2026 )
nquire -url https://eutils.ncbi.nlm.nih.gov/entrez/eutils/ efetch.fcgi -db nuccore -id DQ222851,JN797796,KC330681,NC_007814,NC_020883,NC_022763,NC_022771,NC_024207,NC_028983,NC_041858,NC_047735,NC_048628,NC_049976 -rettype fasta -retmode text -tool edirect -edirect 22.4 -edirect_os Linux -email stevens@uicgpu01
EMPTY RESULT
QUERY FAILURE
curl: (6) Could not resolve host: eutils.ncbi.nlm.nih.gov
 ERROR:  curl command failed ( Sun Jul  5 16:28:57 CDT 2026 ) with: 6
-X POST https://eutils.ncbi.nlm.nih.gov/entrez/eutils/efetch.fcgi -d db=nuccore&id=DQ222851%2CJN797796%2CKC330681%2CNC_007814%2CNC_020883%2CNC_022763%2CNC_022771%2CNC_024207%2CNC_028983%2CNC_041858%2CNC_047735%2CNC_048628%2CNC_049976&rettype=fasta&retmode=text&tool=edirect&edirect=22.4&edirect_os=Linux&email=stevens%40uicgpu01
Total after fetch: 7
Sketching work/lytic_20_from_236.fa...
Writing to work/mash_20.msh...
Traceback (most recent call last):
  File "<stdin>", line 1, in <module>
ModuleNotFoundError: No module named 'pandas'
